###############################################################################
#
# IAR ELF Linker V8.11.2.13589/W32 for ARM                18/Aug/2017  15:40:22
# Copyright 2007-2017 IAR Systems AB.
#
#    Output file  =  
#        D:\development\st\stm32\src_code\rice_mill_prj\rice_mill\EWARM\rice_mill\Exe\rice_mill.out
#    Map file     =  
#        D:\development\st\stm32\src_code\rice_mill_prj\rice_mill\EWARM\rice_mill\List\rice_mill.map
#    Command line =  
#        -f C:\Users\wkxboot\AppData\Local\Temp\EWB565.tmp
#        (D:\development\st\stm32\src_code\rice_mill_prj\rice_mill\EWARM\rice_mill\Obj\adc.o
#        D:\development\st\stm32\src_code\rice_mill_prj\rice_mill\EWARM\rice_mill\Obj\app_error.o
#        D:\development\st\stm32\src_code\rice_mill_prj\rice_mill\EWARM\rice_mill\Obj\app_fifo.o
#        D:\development\st\stm32\src_code\rice_mill_prj\rice_mill\EWARM\rice_mill\Obj\app_log.o
#        D:\development\st\stm32\src_code\rice_mill_prj\rice_mill\EWARM\rice_mill\Obj\cmsis_os.o
#        D:\development\st\stm32\src_code\rice_mill_prj\rice_mill\EWARM\rice_mill\Obj\croutine.o
#        D:\development\st\stm32\src_code\rice_mill_prj\rice_mill\EWARM\rice_mill\Obj\dma.o
#        D:\development\st\stm32\src_code\rice_mill_prj\rice_mill\EWARM\rice_mill\Obj\event_groups.o
#        D:\development\st\stm32\src_code\rice_mill_prj\rice_mill\EWARM\rice_mill\Obj\freertos.o
#        D:\development\st\stm32\src_code\rice_mill_prj\rice_mill\EWARM\rice_mill\Obj\gpio.o
#        D:\development\st\stm32\src_code\rice_mill_prj\rice_mill\EWARM\rice_mill\Obj\heap_4.o
#        D:\development\st\stm32\src_code\rice_mill_prj\rice_mill\EWARM\rice_mill\Obj\iwdg.o
#        D:\development\st\stm32\src_code\rice_mill_prj\rice_mill\EWARM\rice_mill\Obj\list.o
#        D:\development\st\stm32\src_code\rice_mill_prj\rice_mill\EWARM\rice_mill\Obj\main.o
#        D:\development\st\stm32\src_code\rice_mill_prj\rice_mill\EWARM\rice_mill\Obj\mb.o
#        D:\development\st\stm32\src_code\rice_mill_prj\rice_mill\EWARM\rice_mill\Obj\mb_cb_m.o
#        D:\development\st\stm32\src_code\rice_mill_prj\rice_mill\EWARM\rice_mill\Obj\mb_m.o
#        D:\development\st\stm32\src_code\rice_mill_prj\rice_mill\EWARM\rice_mill\Obj\mb_slave_msg.o
#        D:\development\st\stm32\src_code\rice_mill_prj\rice_mill\EWARM\rice_mill\Obj\mb_slave_reg.o
#        D:\development\st\stm32\src_code\rice_mill_prj\rice_mill\EWARM\rice_mill\Obj\mbcrc.o
#        D:\development\st\stm32\src_code\rice_mill_prj\rice_mill\EWARM\rice_mill\Obj\mbcrc_m.o
#        D:\development\st\stm32\src_code\rice_mill_prj\rice_mill\EWARM\rice_mill\Obj\mbfunccoils.o
#        D:\development\st\stm32\src_code\rice_mill_prj\rice_mill\EWARM\rice_mill\Obj\mbfunccoils_m.o
#        D:\development\st\stm32\src_code\rice_mill_prj\rice_mill\EWARM\rice_mill\Obj\mbfuncdiag.o
#        D:\development\st\stm32\src_code\rice_mill_prj\rice_mill\EWARM\rice_mill\Obj\mbfuncdisc.o
#        D:\development\st\stm32\src_code\rice_mill_prj\rice_mill\EWARM\rice_mill\Obj\mbfuncdisc_m.o
#        D:\development\st\stm32\src_code\rice_mill_prj\rice_mill\EWARM\rice_mill\Obj\mbfuncholding.o
#        D:\development\st\stm32\src_code\rice_mill_prj\rice_mill\EWARM\rice_mill\Obj\mbfuncholding_m.o
#        D:\development\st\stm32\src_code\rice_mill_prj\rice_mill\EWARM\rice_mill\Obj\mbfuncinput.o
#        D:\development\st\stm32\src_code\rice_mill_prj\rice_mill\EWARM\rice_mill\Obj\mbfuncinput_m.o
#        D:\development\st\stm32\src_code\rice_mill_prj\rice_mill\EWARM\rice_mill\Obj\mbfuncother.o
#        D:\development\st\stm32\src_code\rice_mill_prj\rice_mill\EWARM\rice_mill\Obj\mbfuncother_m.o
#        D:\development\st\stm32\src_code\rice_mill_prj\rice_mill\EWARM\rice_mill\Obj\mbrtu.o
#        D:\development\st\stm32\src_code\rice_mill_prj\rice_mill\EWARM\rice_mill\Obj\mbrtu_m.o
#        D:\development\st\stm32\src_code\rice_mill_prj\rice_mill\EWARM\rice_mill\Obj\mbutils.o
#        D:\development\st\stm32\src_code\rice_mill_prj\rice_mill\EWARM\rice_mill\Obj\mbutils_m.o
#        D:\development\st\stm32\src_code\rice_mill_prj\rice_mill\EWARM\rice_mill\Obj\port.o
#        D:\development\st\stm32\src_code\rice_mill_prj\rice_mill\EWARM\rice_mill\Obj\port_m.o
#        D:\development\st\stm32\src_code\rice_mill_prj\rice_mill\EWARM\rice_mill\Obj\portasm.o
#        D:\development\st\stm32\src_code\rice_mill_prj\rice_mill\EWARM\rice_mill\Obj\portevent.o
#        D:\development\st\stm32\src_code\rice_mill_prj\rice_mill\EWARM\rice_mill\Obj\portevent_m.o
#        D:\development\st\stm32\src_code\rice_mill_prj\rice_mill\EWARM\rice_mill\Obj\portother.o
#        D:\development\st\stm32\src_code\rice_mill_prj\rice_mill\EWARM\rice_mill\Obj\portserial.o
#        D:\development\st\stm32\src_code\rice_mill_prj\rice_mill\EWARM\rice_mill\Obj\portserial_m.o
#        D:\development\st\stm32\src_code\rice_mill_prj\rice_mill\EWARM\rice_mill\Obj\porttimer.o
#        D:\development\st\stm32\src_code\rice_mill_prj\rice_mill\EWARM\rice_mill\Obj\porttimer_m.o
#        D:\development\st\stm32\src_code\rice_mill_prj\rice_mill\EWARM\rice_mill\Obj\queue.o
#        D:\development\st\stm32\src_code\rice_mill_prj\rice_mill\EWARM\rice_mill\Obj\rm_bsp.o
#        D:\development\st\stm32\src_code\rice_mill_prj\rice_mill\EWARM\rice_mill\Obj\RTT_Syscalls_IAR.o
#        D:\development\st\stm32\src_code\rice_mill_prj\rice_mill\EWARM\rice_mill\Obj\SEGGER_RTT.o
#        D:\development\st\stm32\src_code\rice_mill_prj\rice_mill\EWARM\rice_mill\Obj\SEGGER_RTT_printf.o
#        D:\development\st\stm32\src_code\rice_mill_prj\rice_mill\EWARM\rice_mill\Obj\spi.o
#        D:\development\st\stm32\src_code\rice_mill_prj\rice_mill\EWARM\rice_mill\Obj\startup_stm32f103xe.o
#        D:\development\st\stm32\src_code\rice_mill_prj\rice_mill\EWARM\rice_mill\Obj\stm32f1xx_hal.o
#        D:\development\st\stm32\src_code\rice_mill_prj\rice_mill\EWARM\rice_mill\Obj\stm32f1xx_hal_adc.o
#        D:\development\st\stm32\src_code\rice_mill_prj\rice_mill\EWARM\rice_mill\Obj\stm32f1xx_hal_adc_ex.o
#        D:\development\st\stm32\src_code\rice_mill_prj\rice_mill\EWARM\rice_mill\Obj\stm32f1xx_hal_cortex.o
#        D:\development\st\stm32\src_code\rice_mill_prj\rice_mill\EWARM\rice_mill\Obj\stm32f1xx_hal_dma.o
#        D:\development\st\stm32\src_code\rice_mill_prj\rice_mill\EWARM\rice_mill\Obj\stm32f1xx_hal_flash.o
#        D:\development\st\stm32\src_code\rice_mill_prj\rice_mill\EWARM\rice_mill\Obj\stm32f1xx_hal_flash_ex.o
#        D:\development\st\stm32\src_code\rice_mill_prj\rice_mill\EWARM\rice_mill\Obj\stm32f1xx_hal_gpio.o
#        D:\development\st\stm32\src_code\rice_mill_prj\rice_mill\EWARM\rice_mill\Obj\stm32f1xx_hal_gpio_ex.o
#        D:\development\st\stm32\src_code\rice_mill_prj\rice_mill\EWARM\rice_mill\Obj\stm32f1xx_hal_iwdg.o
#        D:\development\st\stm32\src_code\rice_mill_prj\rice_mill\EWARM\rice_mill\Obj\stm32f1xx_hal_msp.o
#        D:\development\st\stm32\src_code\rice_mill_prj\rice_mill\EWARM\rice_mill\Obj\stm32f1xx_hal_pwr.o
#        D:\development\st\stm32\src_code\rice_mill_prj\rice_mill\EWARM\rice_mill\Obj\stm32f1xx_hal_rcc.o
#        D:\development\st\stm32\src_code\rice_mill_prj\rice_mill\EWARM\rice_mill\Obj\stm32f1xx_hal_rcc_ex.o
#        D:\development\st\stm32\src_code\rice_mill_prj\rice_mill\EWARM\rice_mill\Obj\stm32f1xx_hal_spi.o
#        D:\development\st\stm32\src_code\rice_mill_prj\rice_mill\EWARM\rice_mill\Obj\stm32f1xx_hal_spi_ex.o
#        D:\development\st\stm32\src_code\rice_mill_prj\rice_mill\EWARM\rice_mill\Obj\stm32f1xx_hal_tim.o
#        D:\development\st\stm32\src_code\rice_mill_prj\rice_mill\EWARM\rice_mill\Obj\stm32f1xx_hal_tim_ex.o
#        D:\development\st\stm32\src_code\rice_mill_prj\rice_mill\EWARM\rice_mill\Obj\stm32f1xx_hal_uart.o
#        D:\development\st\stm32\src_code\rice_mill_prj\rice_mill\EWARM\rice_mill\Obj\stm32f1xx_it.o
#        D:\development\st\stm32\src_code\rice_mill_prj\rice_mill\EWARM\rice_mill\Obj\system_stm32f1xx.o
#        D:\development\st\stm32\src_code\rice_mill_prj\rice_mill\EWARM\rice_mill\Obj\tasks.o
#        D:\development\st\stm32\src_code\rice_mill_prj\rice_mill\EWARM\rice_mill\Obj\tim.o
#        D:\development\st\stm32\src_code\rice_mill_prj\rice_mill\EWARM\rice_mill\Obj\timers.o
#        D:\development\st\stm32\src_code\rice_mill_prj\rice_mill\EWARM\rice_mill\Obj\usart.o
#        D:\development\st\stm32\src_code\rice_mill_prj\rice_mill\EWARM\rice_mill\Obj\user_tasks.o
#        --redirect _Printf=_PrintfFull --redirect _Scanf=_ScanfFull -o
#        D:\development\st\stm32\src_code\rice_mill_prj\rice_mill\EWARM\rice_mill\Exe\rice_mill.out
#        --map
#        D:\development\st\stm32\src_code\rice_mill_prj\rice_mill\EWARM\rice_mill\List\rice_mill.map
#        --config
#        D:\development\st\stm32\src_code\rice_mill_prj\rice_mill\EWARM/stm32f103xe_flash.icf
#        --semihosting --entry __iar_program_start --vfe --text_out locale)
#
###############################################################################

*******************************************************************************
*** RUNTIME MODEL ATTRIBUTES
***

CppFlavor       = *
__SystemLibrary = DLib
__dlib_version  = 6


*******************************************************************************
*** HEAP SELECTION
***

The basic heap was selected because no calls to memory allocation
functions were found in the application outside of system library
functions, and there are calls to deallocation functions in the
application.


*******************************************************************************
*** PLACEMENT SUMMARY
***

"A0":  place at 0x08000000 { ro section .intvec };
"P1":  place in [from 0x08000000 to 0x0807ffff] { ro };
define block CSTACK with size = 512, alignment = 8 { };
define block HEAP with size = 0M, alignment = 8 { };
"P2":  place in [from 0x20000000 to 0x2000ffff] {
          rw, block CSTACK, block HEAP };
initialize by copy { rw };

  Section            Kind        Address    Size  Object
  -------            ----        -------    ----  ------
"A0":                                      0x130
  .intvec            ro code  0x08000000   0x130  startup_stm32f103xe.o [1]
                            - 0x08000130   0x130

"P1":                                     0xc1e6
  .text              ro code  0x08000130  0x1c18  user_tasks.o [1]
  .text              ro code  0x08001d48    0xe4  main.o [1]
  .text              ro code  0x08001e2c   0x374  SEGGER_RTT_printf.o [1]
  .text              ro code  0x080021a0    0xa6  ABImemcpy.o [4]
  .text              ro code  0x08002246    0x7a  lz77_init_single.o [4]
  .text              ro code  0x080022c0   0x340  cmsis_os.o [1]
  .text              ro code  0x08002600   0x134  mb.o [1]
  .text              ro code  0x08002734   0x1cc  mb_m.o [1]
  .text              ro code  0x08002900   0x268  mbfuncholding_m.o [1]
  .text              ro code  0x08002b68   0x228  mb_cb_m.o [1]
  .text              ro code  0x08002d90   0x218  mb_slave_reg.o [1]
  .text              ro code  0x08002fa8   0x374  rm_bsp.o [1]
  .text              ro code  0x0800331c   0x1a4  port.o [1]
  .text              ro code  0x080034c0   0x6ec  stm32f1xx_hal_adc.o [1]
  .text              ro code  0x08003bac   0x10c  stm32f1xx_hal_iwdg.o [1]
  .text              ro code  0x08003cb8    0x24  stm32f1xx_hal.o [1]
  .text              ro code  0x08003cdc   0x150  gpio.o [1]
  .text              ro code  0x08003e2c    0x30  dma.o [1]
  .text              ro code  0x08003e5c    0x74  iwdg.o [1]
  .text              ro code  0x08003ed0   0x14c  usart.o [1]
  .text              ro code  0x0800401c   0x1b4  adc.o [1]
  .text              ro code  0x080041d0   0x1e8  tim.o [1]
  .text              ro code  0x080043b8    0xe8  spi.o [1]
  .text              ro code  0x080044a0    0xb4  freertos.o [1]
  .text              ro code  0x08004554   0x742  stm32f1xx_hal_rcc.o [1]
  .text              ro code  0x08004c98   0x1c4  stm32f1xx_hal_rcc_ex.o [1]
  .text              ro code  0x08004e5c   0x1c4  stm32f1xx_hal_cortex.o [1]
  .text              ro code  0x08005020   0x1b0  SEGGER_RTT.o [1]
  .text              ro code  0x080051d0   0xca4  tasks.o [1]
  .text              ro code  0x08005e74   0x360  timers.o [1]
  .text              ro code  0x080061d4   0x638  queue.o [1]
  .text              ro code  0x0800680c   0x2c4  mbrtu.o [1]
  .text              ro code  0x08006ad0   0x1f0  portevent.o [1]
  .text              ro code  0x08006cc0   0x318  mbrtu_m.o [1]
  .text              ro code  0x08006fd8   0x2f4  portevent_m.o [1]
  .text              ro code  0x080072cc    0xe4  mbutils_m.o [1]
  .text              ro code  0x080073b0   0x3e4  stm32f1xx_hal_gpio.o [1]
  .text              ro code  0x08007794   0x9d4  stm32f1xx_hal_tim.o [1]
  CODE               ro code  0x08008168    0x88  portasm.o [1]
  .text              ro code  0x080081f0   0x4e0  stm32f1xx_hal_dma.o [1]
  .text              ro code  0x080086d0     0xc  stm32f1xx_hal.o [1]
  .text              ro code  0x080086dc     0x2  stm32f1xx_hal_adc.o [1]
  .text              ro code  0x080086de     0x2  stm32f1xx_hal_adc.o [1]
  .text              ro code  0x080086e0     0x2  stm32f1xx_hal_adc.o [1]
  .text              ro code  0x080086e4    0x28  stm32f1xx_hal.o [1]
  .text              ro code  0x0800870c    0x8c  stm32f1xx_hal_msp.o [1]
  .text              ro code  0x08008798   0x2bc  stm32f1xx_hal_uart.o [1]
  .text              ro code  0x08008a54   0x284  stm32f1xx_hal_tim_ex.o [1]
  .text              ro code  0x08008cd8   0x1d0  stm32f1xx_hal_spi_ex.o [1]
  .text              ro code  0x08008ea8   0x1b8  heap_4.o [1]
  .text              ro code  0x08009060    0x8e  list.o [1]
  .text              ro code  0x080090ee     0x2  freertos.o [1]
  .text              ro code  0x080090f0    0x42  portother.o [1]
  .text              ro code  0x08009134   0x208  portserial.o [1]
  .text              ro code  0x0800933c   0x164  porttimer.o [1]
  .text              ro code  0x080094a0   0x230  mbcrc.o [1]
  .text              ro code  0x080096d0    0x24  ABIassert.o [5]
  .text              ro code  0x080096f4   0x2ac  portserial_m.o [1]
  .text              ro code  0x080099a0   0x13c  porttimer_m.o [1]
  .text              ro code  0x08009adc   0x230  mbcrc_m.o [1]
  .text              ro code  0x08009d0c   0x19e  event_groups.o [1]
  .text              ro code  0x08009eaa     0x2  stm32f1xx_hal_tim.o [1]
  .text              ro code  0x08009eac     0x2  stm32f1xx_hal_tim.o [1]
  .text              ro code  0x08009eae     0x2  stm32f1xx_hal_tim.o [1]
  .text              ro code  0x08009eb0     0x2  stm32f1xx_hal_tim_ex.o [1]
  .text              ro code  0x08009eb2     0x2  stm32f1xx_hal_tim.o [1]
  .text              ro code  0x08009eb4     0x2  stm32f1xx_hal_tim_ex.o [1]
  .text              ro code  0x08009eb6     0x2  stm32f1xx_hal_tim.o [1]
  .text              ro code  0x08009eb8     0x6  abort.o [3]
  .text              ro code  0x08009ec0    0x14  exit.o [5]
  .text              ro code  0x08009ed4  0x14d0  mb_slave_msg.o [1]
  .rodata            const    0x0800b3a4   0x5e0  user_tasks.o [1]
  .rodata            const    0x0800b984   0x2f0  mb_slave_msg.o [1]
  .text              ro code  0x0800bc74   0x134  mbfunccoils_m.o [1]
  .text              ro code  0x0800bda8    0xd2  mbfuncholding.o [1]
  .text              ro code  0x0800be7c    0x1a  mbutils.o [1]
  .text              ro code  0x0800be96    0x6e  mbfuncdisc_m.o [1]
  .text              ro code  0x0800bf04    0x5c  mbfuncinput.o [1]
  .text              ro code  0x0800bf60    0x5c  system_stm32f1xx.o [1]
  .text              ro code  0x0800bfbc    0x54  mbfuncinput_m.o [1]
  .text              ro code  0x0800c010    0x4c  stm32f1xx_it.o [1]
  .text              ro code  0x0800c05c    0x10  stm32f1xx_hal.o [1]
  .text              ro code  0x0800c06c    0x40  zero_init3.o [4]
  .text              ro code  0x0800c0ac    0x28  data_init.o [4]
  .iar.init_table    const    0x0800c0d4    0x20  - Linker created -
  .text              ro code  0x0800c0f4    0x20  mbfuncother_m.o [1]
  .text              ro code  0x0800c114    0x1a  cmain.o [4]
  .text              ro code  0x0800c12e     0x4  low_level_init.o [3]
  .text              ro code  0x0800c132     0x4  exit.o [3]
  .text              ro code  0x0800c138     0xa  cexit.o [4]
  .text              ro code  0x0800c144    0x10  startup_stm32f103xe.o [1]
  .rodata            const    0x0800c154     0xc  freertos.o [1]
  .text              ro code  0x0800c160     0xc  cstartup_M.o [4]
  .rodata            const    0x0800c16c     0x8  system_stm32f1xx.o [1]
  .text              ro code  0x0800c174     0x4  startup_stm32f103xe.o [1]
  .text              ro code  0x0800c178     0x4  startup_stm32f103xe.o [1]
  .text              ro code  0x0800c17c     0x4  startup_stm32f103xe.o [1]
  .text              ro code  0x0800c180     0x4  startup_stm32f103xe.o [1]
  .text              ro code  0x0800c184     0x4  startup_stm32f103xe.o [1]
  .text              ro code  0x0800c188     0x4  startup_stm32f103xe.o [1]
  .text              ro code  0x0800c18c     0x4  startup_stm32f103xe.o [1]
  .text              ro code  0x0800c190     0x4  startup_stm32f103xe.o [1]
  .text              ro code  0x0800c194     0x4  startup_stm32f103xe.o [1]
  .text              ro code  0x0800c198     0x4  startup_stm32f103xe.o [1]
  .text              ro code  0x0800c19c     0x4  startup_stm32f103xe.o [1]
  .text              ro code  0x0800c1a0     0x4  startup_stm32f103xe.o [1]
  .text              ro code  0x0800c1a4     0x4  startup_stm32f103xe.o [1]
  .text              ro code  0x0800c1a8     0x4  startup_stm32f103xe.o [1]
  .text              ro code  0x0800c1ac     0x4  startup_stm32f103xe.o [1]
  .text              ro code  0x0800c1b0     0x4  startup_stm32f103xe.o [1]
  .text              ro code  0x0800c1b4     0x4  startup_stm32f103xe.o [1]
  .text              ro code  0x0800c1b8     0x4  startup_stm32f103xe.o [1]
  .text              ro code  0x0800c1bc     0x4  startup_stm32f103xe.o [1]
  .text              ro code  0x0800c1c0     0x4  startup_stm32f103xe.o [1]
  .text              ro code  0x0800c1c4     0x4  startup_stm32f103xe.o [1]
  .text              ro code  0x0800c1c8     0x4  startup_stm32f103xe.o [1]
  .text              ro code  0x0800c1cc     0x4  startup_stm32f103xe.o [1]
  .text              ro code  0x0800c1d0     0x4  startup_stm32f103xe.o [1]
  .text              ro code  0x0800c1d4     0x4  startup_stm32f103xe.o [1]
  .text              ro code  0x0800c1d8     0x4  startup_stm32f103xe.o [1]
  .text              ro code  0x0800c1dc     0x4  startup_stm32f103xe.o [1]
  .text              ro code  0x0800c1e0     0x4  startup_stm32f103xe.o [1]
  .text              ro code  0x0800c1e4     0x4  startup_stm32f103xe.o [1]
  .text              ro code  0x0800c1e8     0x4  startup_stm32f103xe.o [1]
  .text              ro code  0x0800c1ec     0x4  startup_stm32f103xe.o [1]
  .text              ro code  0x0800c1f0     0x4  startup_stm32f103xe.o [1]
  .text              ro code  0x0800c1f4     0x4  startup_stm32f103xe.o [1]
  .text              ro code  0x0800c1f8     0x4  startup_stm32f103xe.o [1]
  .text              ro code  0x0800c1fc     0x4  startup_stm32f103xe.o [1]
  .text              ro code  0x0800c200     0x4  startup_stm32f103xe.o [1]
  .text              ro code  0x0800c204     0x4  startup_stm32f103xe.o [1]
  .text              ro code  0x0800c208     0x4  startup_stm32f103xe.o [1]
  .text              ro code  0x0800c20c     0x4  startup_stm32f103xe.o [1]
  .text              ro code  0x0800c210     0x4  startup_stm32f103xe.o [1]
  .text              ro code  0x0800c214     0x4  startup_stm32f103xe.o [1]
  .text              ro code  0x0800c218     0x4  startup_stm32f103xe.o [1]
  .text              ro code  0x0800c21c     0x4  startup_stm32f103xe.o [1]
  .text              ro code  0x0800c220     0x4  startup_stm32f103xe.o [1]
  .text              ro code  0x0800c224     0x4  startup_stm32f103xe.o [1]
  .text              ro code  0x0800c228     0x4  startup_stm32f103xe.o [1]
  .text              ro code  0x0800c22c     0x4  startup_stm32f103xe.o [1]
  .text              ro code  0x0800c230     0x4  startup_stm32f103xe.o [1]
  .text              ro code  0x0800c234     0x4  startup_stm32f103xe.o [1]
  .text              ro code  0x0800c238     0x4  startup_stm32f103xe.o [1]
  .text              ro code  0x0800c23c     0x4  startup_stm32f103xe.o [1]
  .text              ro code  0x0800c240     0x4  startup_stm32f103xe.o [1]
  .text              ro code  0x0800c244     0x4  startup_stm32f103xe.o [1]
  .text              ro code  0x0800c248     0x4  startup_stm32f103xe.o [1]
  .text              ro code  0x0800c24c     0x4  startup_stm32f103xe.o [1]
  .rodata            const    0x0800c250     0x0  zero_init3.o [4]
  .rodata            const    0x0800c250     0x0  lz77_init_single.o [4]
  Initializer bytes  const    0x0800c250    0xc6  <for P2-1>
                            - 0x0800c316  0xc1e6

"P2", part 1 of 3:                         0x17a
  P2-1                        0x20000000   0x17a  <Init block>
    .data            inited   0x20000000    0x4c  mb.o [1]
    .data            inited   0x2000004c    0x24  mb_m.o [1]
    .data            inited   0x20000070    0x8c  mb_m.o [1]
    .data            inited   0x200000fc    0x58  mb_slave_msg.o [1]
    .data            inited   0x20000154     0xc  port.o [1]
    .data            inited   0x20000160     0x4  portserial.o [1]
    .data            inited   0x20000164     0x4  portserial_m.o [1]
    .data            inited   0x20000168     0x4  system_stm32f1xx.o [1]
    .data            inited   0x2000016c     0xe  user_tasks.o [1]
                            - 0x2000017a   0x17a

"P2", part 2 of 3:                        0xac08
  .bss               zero     0x2000017c  0xa018  heap_4.o [1]
  .bss               zero     0x2000a194   0x488  SEGGER_RTT.o [1]
  .bss               zero     0x2000a61c   0x184  mb_cb_m.o [1]
  .bss               zero     0x2000a7a0   0x100  mbrtu.o [1]
  .bss               zero     0x2000a8a0    0xa0  tasks.o [1]
  .bss               zero     0x2000a940    0xa0  tasks.o [1]
  .bss               zero     0x2000a9e0    0x58  spi.o [1]
  .bss               zero     0x2000aa38    0x54  user_tasks.o [1]
  .bss               zero     0x2000aa8c    0x44  adc.o [1]
  .bss               zero     0x2000aad0    0x40  queue.o [1]
  .bss               zero     0x2000ab10    0x40  tim.o [1]
  .bss               zero     0x2000ab50    0x40  tim.o [1]
  .bss               zero     0x2000ab90    0x40  usart.o [1]
  .bss               zero     0x2000abd0    0x40  usart.o [1]
  .bss               zero     0x2000ac10    0x3c  timers.o [1]
  .bss               zero     0x2000ac4c    0x30  adc.o [1]
  .bss               zero     0x2000ac7c    0x2c  mb_slave_reg.o [1]
  .bss               zero     0x2000aca8    0x2c  mbrtu_m.o [1]
  .bss               zero     0x2000acd4    0x24  mb_cb_m.o [1]
  .bss               zero     0x2000acf8    0x22  mbfuncother_m.o [1]
  .bss               zero     0x2000ad1a     0x6  rm_bsp.o [1]
  .bss               zero     0x2000ad20    0x18  mb_slave_reg.o [1]
  .bss               zero     0x2000ad38    0x10  rm_bsp.o [1]
  .bss               zero     0x2000ad48     0xc  iwdg.o [1]
  .bss               zero     0x2000ad54     0xc  mbrtu.o [1]
  .bss               zero     0x2000ad60     0x8  portevent.o [1]
  .bss               zero     0x2000ad68     0x4  freertos.o [1]
  .bss               zero     0x2000ad6c     0x4  mb_cb_m.o [1]
  .bss               zero     0x2000ad70     0x4  mb_cb_m.o [1]
  .bss               zero     0x2000ad74     0x4  portevent_m.o [1]
  .bss               zero     0x2000ad78     0x4  portevent_m.o [1]
  .bss               zero     0x2000ad7c     0x4  stm32f1xx_hal.o [1]
  .bss               zero     0x2000ad80     0x2  mb_cb_m.o [1]
  .bss               zero     0x2000ad82     0x2  mbrtu_m.o [1]
                            - 0x2000ad84  0xac08

"P2", part 3 of 3:                         0x200
  CSTACK                      0x2000ad88   0x200  <Block>
    CSTACK           uninit   0x2000ad88   0x200  <Block tail>
                            - 0x2000af88   0x200


*******************************************************************************
*** INIT TABLE
***

          Address     Size
          -------     ----
Zero (__iar_zero_init3)
    1 destination range, total size 0xac08:
          0x2000017c  0xac08

Copy/lz77 (__iar_lz77_init_single3)
    1 source range, total size 0xc6 (52% of destination):
          0x0800c250    0xc6
    1 destination range, total size 0x17a:
          0x20000000   0x17a



*******************************************************************************
*** MODULE SUMMARY
***

    Module                  ro code  ro data  rw data
    ------                  -------  -------  -------
D:\development\st\stm32\src_code\rice_mill_prj\rice_mill\EWARM\rice_mill\Obj: [1]
    SEGGER_RTT.o                432             1 160
    SEGGER_RTT_printf.o         884
    adc.o                       436               116
    cmsis_os.o                  832
    dma.o                        48
    event_groups.o              414
    freertos.o                  182       12        4
    gpio.o                      336
    heap_4.o                    440            40 984
    iwdg.o                      116                12
    list.o                      142
    main.o                      228
    mb.o                        308       39       76
    mb_cb_m.o                   552               434
    mb_m.o                      460       93      176
    mb_slave_msg.o            5 328      798       88
    mb_slave_reg.o              536                68
    mbcrc.o                     560
    mbcrc_m.o                   560
    mbfunccoils_m.o             308
    mbfuncdisc_m.o              110
    mbfuncholding.o             210
    mbfuncholding_m.o           616
    mbfuncinput.o                92
    mbfuncinput_m.o              84
    mbfuncother_m.o              32                34
    mbrtu.o                     708               268
    mbrtu_m.o                   792                46
    mbutils.o                    26
    mbutils_m.o                 228
    port.o                      420        6       12
    portasm.o                   136
    portevent.o                 496                 8
    portevent_m.o               756                 8
    portother.o                  66
    portserial.o                520        2        4
    portserial_m.o              684        2        4
    porttimer.o                 356
    porttimer_m.o               316
    queue.o                   1 592                64
    rm_bsp.o                    884                22
    spi.o                       232                88
    startup_stm32f103xe.o       540
    stm32f1xx_hal.o             104                 4
    stm32f1xx_hal_adc.o       1 778
    stm32f1xx_hal_cortex.o      452
    stm32f1xx_hal_dma.o       1 248
    stm32f1xx_hal_gpio.o        996
    stm32f1xx_hal_iwdg.o        268
    stm32f1xx_hal_msp.o         140
    stm32f1xx_hal_rcc.o       1 858
    stm32f1xx_hal_rcc_ex.o      452
    stm32f1xx_hal_spi_ex.o      464
    stm32f1xx_hal_tim.o       2 526
    stm32f1xx_hal_tim_ex.o      648
    stm32f1xx_hal_uart.o        700
    stm32f1xx_it.o               76
    system_stm32f1xx.o           92       10        4
    tasks.o                   3 236               320
    tim.o                       488               128
    timers.o                    864                60
    usart.o                     332               128
    user_tasks.o              7 192    1 512       98
    -------------------------------------------------
    Total:                   46 912    2 474   44 418

command line: [2]
    -------------------------------------------------
    Total:

dl7M_tlf.a: [3]
    abort.o                       6
    exit.o                        4
    low_level_init.o              4
    -------------------------------------------------
    Total:                       14

rt7M_tl.a: [4]
    ABImemcpy.o                 166
    cexit.o                      10
    cmain.o                      26
    cstartup_M.o                 12
    data_init.o                  40
    lz77_init_single.o          122
    zero_init3.o                 64
    -------------------------------------------------
    Total:                      440

shb_l.a: [5]
    ABIassert.o                  36
    exit.o                       20
    -------------------------------------------------
    Total:                       56

    Gaps                         14
    Linker created                        32      512
-----------------------------------------------------
    Grand Total:             47 436    2 506   44 930


*******************************************************************************
*** ENTRY LIST
***

Entry                      Address    Size  Type      Object
-----                      -------    ----  ----      ------
.iar.init_table$$Base   0x0800c0d4           --   Gb  - Linker created -
.iar.init_table$$Limit  0x0800c0f4           --   Gb  - Linker created -
?main                   0x0800c115          Code  Gb  cmain.o [4]
ADC_ConversionStop_Disable
                        0x08003a91    0x44  Code  Gb  stm32f1xx_hal_adc.o [1]
ADC_DMAConvCplt         0x08003ad5    0x48  Code  Gb  stm32f1xx_hal_adc.o [1]
ADC_DMAError            0x08003b25    0x16  Code  Gb  stm32f1xx_hal_adc.o [1]
ADC_DMAHalfConvCplt     0x08003b1d     0x6  Code  Gb  stm32f1xx_hal_adc.o [1]
ADC_Enable              0x08003a01    0x6a  Code  Gb  stm32f1xx_hal_adc.o [1]
AHBPrescTable           0x0800bfac    0x10  Data  Gb  system_stm32f1xx.o [1]
APBPrescTable           0x0800c16c     0x8  Data  Gb  system_stm32f1xx.o [1]
APP_TIMESTAMP           0x08001e09     0x4  Code  Gb  main.o [1]
BSP_RL_MOTOR_PWM_ISR    0x080030af    0x22  Code  Gb  rm_bsp.o [1]
BSP_ac_fan1_pwr         0x08003225    0x18  Code  Gb  rm_bsp.o [1]
BSP_ac_fan2_pwr         0x0800323d    0x18  Code  Gb  rm_bsp.o [1]
BSP_adv_lump_pwr        0x08003199    0x18  Code  Gb  rm_bsp.o [1]
BSP_get_relative_humidity
                        0x08003269    0x14  Code  Gb  rm_bsp.o [1]
BSP_get_temperature     0x08003255    0x14  Code  Gb  rm_bsp.o [1]
BSP_is_24v_oc           0x0800327d    0x20  Code  Gb  rm_bsp.o [1]
BSP_is_bemf_oc          0x080032dd    0x20  Code  Gb  rm_bsp.o [1]
BSP_is_ew_signal_ok     0x08002feb    0x16  Code  Gb  rm_bsp.o [1]
BSP_is_oh_door_oc       0x0800329d    0x20  Code  Gb  rm_bsp.o [1]
BSP_is_oh_door_pathway_ok
                        0x08002fe5     0x6  Code  Gb  rm_bsp.o [1]
BSP_is_oh_door_turn_off
                        0x08002fdf     0x6  Code  Gb  rm_bsp.o [1]
BSP_is_oh_door_turn_on  0x08002fd9     0x6  Code  Gb  rm_bsp.o [1]
BSP_is_rb1_1_empty      0x08002fa9     0x6  Code  Gb  rm_bsp.o [1]
BSP_is_rb1_2_empty      0x08002faf     0x4  Code  Gb  rm_bsp.o [1]
BSP_is_rb1_no1_turn_on  0x08002fb3     0x6  Code  Gb  rm_bsp.o [1]
BSP_is_rb1_no2_turn_on  0x08002fb9     0x6  Code  Gb  rm_bsp.o [1]
BSP_is_rb1_turn_off     0x08002fbf     0x6  Code  Gb  rm_bsp.o [1]
BSP_is_rb2_turn_off     0x08002fc5     0x2  Code  Gb  rm_bsp.o [1]
BSP_is_rl_in_rst_pos    0x08003001     0x6  Code  Gb  rm_bsp.o [1]
BSP_is_rl_in_tar_pos    0x0800303f    0x12  Code  Gb  rm_bsp.o [1]
BSP_is_rm_motor_oc      0x080032bd    0x20  Code  Gb  rm_bsp.o [1]
BSP_oh_door_motor_pwr   0x080031b7    0x42  Code  Gb  rm_bsp.o [1]
BSP_rb1_motor_pwr       0x080030d1    0x44  Code  Gb  rm_bsp.o [1]
BSP_rb2_motor_pwr       0x08003115    0x4e  Code  Gb  rm_bsp.o [1]
BSP_rl_get_motor_cur_steps
                        0x08003007     0x8  Code  Gb  rm_bsp.o [1]
BSP_rl_get_motor_tar_steps
                        0x0800301f     0x8  Code  Gb  rm_bsp.o [1]
BSP_rl_go_to_pos        0x08003051    0x5e  Code  Gb  rm_bsp.o [1]
BSP_rl_reset_steps      0x08003027     0xa  Code  Gb  rm_bsp.o [1]
BSP_rl_set_pwr_state    0x08003031     0xe  Code  Gb  rm_bsp.o [1]
BSP_rm_motor_pwr        0x080031f9    0x2c  Code  Gb  rm_bsp.o [1]
BSP_uv_lump_pwr         0x08003181    0x18  Code  Gb  rm_bsp.o [1]
BusFault_Handler        0x0800c017     0x2  Code  Gb  stm32f1xx_it.o [1]
CSTACK$$Base            0x2000ad88           --   Gb  - Linker created -
CSTACK$$Limit           0x2000af88           --   Gb  - Linker created -
DMA1_Channel1_IRQHandler
                        0x0800c02b     0x6  Code  Gb  stm32f1xx_it.o [1]
DMA_SetConfig           0x0800863d    0x22  Code  Lc  stm32f1xx_hal_dma.o [1]
DebugMon_Handler        0x0800c01b     0x2  Code  Gb  stm32f1xx_it.o [1]
HAL_ADC_ConfigChannel   0x080037d9   0x216  Code  Gb  stm32f1xx_hal_adc.o [1]
HAL_ADC_Init            0x080034c1   0x1d6  Code  Gb  stm32f1xx_hal_adc.o [1]
HAL_ADC_MspInit         0x080040e1    0x8c  Code  Gb  adc.o [1]
HAL_ADC_Start_DMA       0x080036b1   0x11c  Code  Gb  stm32f1xx_hal_adc.o [1]
HAL_DMA_IRQHandler      0x08008419   0x1dc  Code  Gb  stm32f1xx_hal_dma.o [1]
HAL_DMA_Init            0x080081f1   0x172  Code  Gb  stm32f1xx_hal_dma.o [1]
HAL_DMA_Start_IT        0x0800837f    0x8e  Code  Gb  stm32f1xx_hal_dma.o [1]
HAL_GPIO_Init           0x080073b1   0x2d4  Code  Gb  stm32f1xx_hal_gpio.o [1]
HAL_GPIO_ReadPin        0x0800768b    0x22  Code  Gb  stm32f1xx_hal_gpio.o [1]
HAL_GPIO_WritePin       0x080076ad    0x30  Code  Gb  stm32f1xx_hal_gpio.o [1]
HAL_GetTick             0x080086d1     0xc  Code  Wk  stm32f1xx_hal.o [1]
HAL_IWDG_Init           0x08003bad    0x8c  Code  Gb  stm32f1xx_hal_iwdg.o [1]
HAL_IWDG_Refresh        0x08003c3d     0xc  Code  Gb  stm32f1xx_hal_iwdg.o [1]
HAL_IncTick             0x0800c05d    0x10  Code  Wk  stm32f1xx_hal.o [1]
HAL_Init                0x08003cb9    0x20  Code  Gb  stm32f1xx_hal.o [1]
HAL_InitTick            0x080086e5    0x28  Code  Wk  stm32f1xx_hal.o [1]
HAL_MspInit             0x0800870d    0x8c  Code  Gb  stm32f1xx_hal_msp.o [1]
HAL_NVIC_EnableIRQ      0x08004f11    0x16  Code  Gb  stm32f1xx_hal_cortex.o [1]
HAL_NVIC_SetPriority    0x08004eb1    0x60  Code  Gb  stm32f1xx_hal_cortex.o [1]
HAL_NVIC_SetPriorityGrouping
                        0x08004e7b    0x36  Code  Gb  stm32f1xx_hal_cortex.o [1]
HAL_RCCEx_PeriphCLKConfig
                        0x08004c99   0x13c  Code  Gb  stm32f1xx_hal_rcc_ex.o [1]
HAL_RCC_ClockConfig     0x08004997   0x1d2  Code  Gb  stm32f1xx_hal_rcc.o [1]
HAL_RCC_GetHCLKFreq     0x08004bbd     0x6  Code  Gb  stm32f1xx_hal_rcc.o [1]
HAL_RCC_GetPCLK1Freq    0x08004bc3    0x10  Code  Gb  stm32f1xx_hal_rcc.o [1]
HAL_RCC_GetPCLK2Freq    0x08004bd3     0xe  Code  Gb  stm32f1xx_hal_rcc.o [1]
HAL_RCC_GetSysClockFreq
                        0x08004b83    0x3a  Code  Gb  stm32f1xx_hal_rcc.o [1]
HAL_RCC_GetSysClockFreq::aPLLMULFactorTable
                        0x08004c84    0x10  Data  Lc  stm32f1xx_hal_rcc.o [1]
HAL_RCC_GetSysClockFreq::aPredivFactorTable
                        0x08004c94     0x2  Data  Lc  stm32f1xx_hal_rcc.o [1]
HAL_RCC_OscConfig       0x08004555   0x432  Code  Gb  stm32f1xx_hal_rcc.o [1]
HAL_SPI_Init            0x08008cd9   0x146  Code  Gb  stm32f1xx_hal_spi_ex.o [1]
HAL_SPI_MspInit         0x080043fb    0x52  Code  Gb  spi.o [1]
HAL_SYSTICK_CLKSourceConfig
                        0x08004f6b    0x26  Code  Gb  stm32f1xx_hal_cortex.o [1]
HAL_SYSTICK_Config      0x08004f33    0x28  Code  Gb  stm32f1xx_hal_cortex.o [1]
HAL_TIMEx_BreakCallback
                        0x08009eb1     0x2  Code  Wk  stm32f1xx_hal_tim_ex.o [1]
HAL_TIMEx_CommutationCallback
                        0x08009eb5     0x2  Code  Wk  stm32f1xx_hal_tim_ex.o [1]
HAL_TIMEx_ConfigBreakDeadTime
                        0x08008a5d   0x10c  Code  Gb  stm32f1xx_hal_tim_ex.o [1]
HAL_TIMEx_MasterConfigSynchronization
                        0x08008b73    0xc2  Code  Gb  stm32f1xx_hal_tim_ex.o [1]
HAL_TIM_IRQHandler      0x08007a69   0x142  Code  Gb  stm32f1xx_hal_tim.o [1]
HAL_TIM_MspPostInit     0x08004327    0x36  Code  Gb  tim.o [1]
HAL_TIM_PWM_ConfigChannel
                        0x08007bb1   0x1c4  Code  Gb  stm32f1xx_hal_tim.o [1]
HAL_TIM_PWM_Init        0x080077df    0x9a  Code  Gb  stm32f1xx_hal_tim.o [1]
HAL_TIM_PWM_MspInit     0x080042cd    0x5a  Code  Gb  tim.o [1]
HAL_TIM_PWM_Start_IT    0x080078b9    0x78  Code  Gb  stm32f1xx_hal_tim.o [1]
HAL_TIM_PWM_Stop_IT     0x08007959    0x96  Code  Gb  stm32f1xx_hal_tim.o [1]
HAL_UART_Init           0x08008799    0xaa  Code  Gb  stm32f1xx_hal_uart.o [1]
HAL_UART_MspInit        0x08003f23    0x78  Code  Gb  usart.o [1]
HardFault_Handler       0x0800c013     0x2  Code  Gb  stm32f1xx_it.o [1]
MASTER_MB_timerHandle   0x2000aa60     0x4  Data  Gb  user_tasks.o [1]
MASTER_MB_timer_expired_callback
                        0x080099f1    0x1e  Code  Gb  porttimer_m.o [1]
MASTER_MODBUS_USARTIRQHandler
                        0x080097b3    0x36  Code  Gb  portserial_m.o [1]
MX_ADC1_Init            0x0800401d    0xb2  Code  Gb  adc.o [1]
MX_DMA_Init             0x08003e2d    0x30  Code  Gb  dma.o [1]
MX_FREERTOS_Init        0x080044a1    0x20  Code  Gb  freertos.o [1]
MX_GPIO_Init            0x08003cdd   0x118  Code  Gb  gpio.o [1]
MX_IWDG_Init            0x08003e5d    0x28  Code  Gb  iwdg.o [1]
MX_SPI2_Init            0x080043b9    0x42  Code  Gb  spi.o [1]
MX_TIM2_Init            0x080041d1    0x60  Code  Gb  tim.o [1]
MX_TIM8_Init            0x08004231    0x88  Code  Gb  tim.o [1]
MX_USART1_UART_Init     0x08003ed1    0x16  Code  Gb  usart.o [1]
MX_USART2_UART_Init     0x08003ee7    0x16  Code  Gb  usart.o [1]
MemManage_Handler       0x0800c015     0x2  Code  Gb  stm32f1xx_it.o [1]
NMI_Handler             0x0800c011     0x2  Code  Gb  stm32f1xx_it.o [1]
NVIC_SetPriority        0x08004e5d    0x1e  Code  Lc  stm32f1xx_hal_cortex.o [1]
PendSV_Handler          0x08008169          Code  Gb  portasm.o [1]
Region$$Table$$Base     0x0800c0d4           --   Gb  - Linker created -
Region$$Table$$Limit    0x0800c0f4           --   Gb  - Linker created -
SEGGER_RTT_CRITICAL_REGION_ENTER
                        0x08001e0d     0xe  Code  Gb  main.o [1]
SEGGER_RTT_CRITICAL_REGION_EXIT
                        0x08001e1b     0xe  Code  Gb  main.o [1]
SEGGER_RTT_Write        0x08005177    0x22  Code  Gb  SEGGER_RTT.o [1]
SEGGER_RTT_WriteNoLock  0x0800511b    0x4c  Code  Gb  SEGGER_RTT.o [1]
SEGGER_RTT_printf       0x0800217d    0x14  Code  Gb  SEGGER_RTT_printf.o [1]
SEGGER_RTT_vprintf      0x08001ffd   0x16e  Code  Gb  SEGGER_RTT_printf.o [1]
SLAVE_MB_timerHandle    0x2000aa64     0x4  Data  Gb  user_tasks.o [1]
SLAVE_MB_timer_expired_callback
                        0x0800938b    0x1e  Code  Gb  porttimer.o [1]
SLAVE_MODBUS_USARTIRQHandler
                        0x080091af    0x36  Code  Gb  portserial.o [1]
SVC_Handler             0x080081af          Code  Gb  portasm.o [1]
StartDefaultTask        0x080044c1    0x28  Code  Gb  freertos.o [1]
SysTick_Handler         0x0800c01d     0xe  Code  Gb  stm32f1xx_it.o [1]
SystemClock_Config      0x08001d81    0x88  Code  Gb  main.o [1]
SystemCoreClock         0x20000168     0x4  Data  Gb  system_stm32f1xx.o [1]
SystemInit              0x0800bf61    0x3a  Code  Gb  system_stm32f1xx.o [1]
TIM2_IRQHandler         0x0800c031    0x10  Code  Gb  stm32f1xx_it.o [1]
TIM8_UP_IRQHandler      0x0800c049     0x6  Code  Gb  stm32f1xx_it.o [1]
TIM_Base_SetConfig      0x08007da5    0x7a  Code  Gb  stm32f1xx_hal_tim.o [1]
TIM_CCxChannelCmd       0x08008073    0x68  Code  Gb  stm32f1xx_hal_tim.o [1]
TIM_OC1_SetConfig       0x08007e1f    0x96  Code  Lc  stm32f1xx_hal_tim.o [1]
TIM_OC2_SetConfig       0x08007ebb    0x8e  Code  Gb  stm32f1xx_hal_tim.o [1]
TIM_OC3_SetConfig       0x08007f5d    0x92  Code  Lc  stm32f1xx_hal_tim.o [1]
TIM_OC4_SetConfig       0x08007fff    0x5c  Code  Lc  stm32f1xx_hal_tim.o [1]
UART_SetConfig          0x080088a5   0x132  Code  Lc  stm32f1xx_hal_uart.o [1]
USART1_IRQHandler       0x0800c041     0x4  Code  Gb  stm32f1xx_it.o [1]
USART2_IRQHandler       0x0800c045     0x4  Code  Gb  stm32f1xx_it.o [1]
UsageFault_Handler      0x0800c019     0x2  Code  Gb  stm32f1xx_it.o [1]
_DoInit                 0x08005021    0x52  Code  Lc  SEGGER_RTT.o [1]
_Error_Handler          0x08001e29     0x2  Code  Gb  main.o [1]
_GetAvailWriteSpace     0x08005101    0x1a  Code  Lc  SEGGER_RTT.o [1]
_PrintInt               0x08001f35    0xc8  Code  Lc  SEGGER_RTT_printf.o [1]
_PrintUnsigned          0x08001e6b    0xca  Code  Lc  SEGGER_RTT_printf.o [1]
_PrintUnsigned::_aV2C   0x08002190    0x10  Data  Lc  SEGGER_RTT_printf.o [1]
_SEGGER_RTT             0x2000a194    0x78  Data  Gb  SEGGER_RTT.o [1]
_StoreChar              0x08001e2d    0x3e  Code  Lc  SEGGER_RTT_printf.o [1]
_WriteBlocking          0x08005073    0x54  Code  Lc  SEGGER_RTT.o [1]
_WriteNoCheck           0x080050c7    0x3a  Code  Lc  SEGGER_RTT.o [1]
__aeabi_assert          0x080096d1    0x24  Code  Gb  ABIassert.o [5]
__aeabi_memcpy          0x080021a1          Code  Gb  ABImemcpy.o [4]
__aeabi_memcpy4         0x080021c1          Code  Gb  ABImemcpy.o [4]
__aeabi_memcpy8         0x080021c1          Code  Gb  ABImemcpy.o [4]
__cmain                 0x0800c115          Code  Gb  cmain.o [4]
__exit                  0x08009ec1    0x14  Code  Gb  exit.o [5]
__iar_data_init3        0x0800c0ad    0x28  Code  Gb  data_init.o [4]
__iar_lz77_init_single3
                        0x08002247    0x7a  Code  Gb  lz77_init_single.o [4]
__iar_program_start     0x0800c161          Code  Gb  cstartup_M.o [4]
__iar_systems$$module {Abs}
                        0x00000001          Data  Gb  command line/config [2]
__iar_zero_init3        0x0800c06d    0x40  Code  Gb  zero_init3.o [4]
__low_level_init        0x0800c12f     0x4  Code  Gb  low_level_init.o [3]
__vector_table          0x08000000          Data  Gb  startup_stm32f103xe.o [1]
_acDownBuffer           0x2000a60c    0x10  Data  Lc  SEGGER_RTT.o [1]
_acUpBuffer             0x2000a20c   0x400  Data  Lc  SEGGER_RTT.o [1]
_call_main              0x0800c121          Code  Gb  cmain.o [4]
_exit                   0x0800c139          Code  Gb  cexit.o [4]
_main                   0x0800c12b          Code  Gb  cmain.o [4]
abort                   0x08009eb9     0x6  Code  Gb  abort.o [3]
app_create_user_tasks   0x080001e1    0x94  Code  Gb  user_tasks.o [1]
arxEventHdls            0x2000ad64     0x4  Data  Lc  portevent.o [1]
arxSemaphorehdls        0x2000ad78     0x4  Data  Lc  portevent_m.o [1]
assert_failed           0x08001e2b     0x2  Code  Gb  main.o [1]
asyn_stop_rm            0x08000dff    0x3c  Code  Gb  user_tasks.o [1]
aucCRCHi                0x080094d0   0x100  Data  Lc  mbcrc.o [1]
aucCRCHi                0x08009b0c   0x100  Data  Lc  mbcrc_m.o [1]
aucCRCLo                0x080095d0   0x100  Data  Lc  mbcrc.o [1]
aucCRCLo                0x08009c0c   0x100  Data  Lc  mbcrc_m.o [1]
bIsInitialized          0x2000ad60     0x1  Data  Lc  portevent.o [1]
bMBPIsWithinException   0x080090f1     0xc  Code  Gb  portother.o [1]
bsp_adc_result          0x2000ad38    0x10  Data  Gb  rm_bsp.o [1]
bsp_motor_cur_steps     0x2000ad1c     0x2  Data  Gb  rm_bsp.o [1]
bsp_motor_pwr_state     0x2000ad1a     0x1  Data  Gb  rm_bsp.o [1]
bsp_motor_tar_steps     0x2000ad1e     0x2  Data  Gb  rm_bsp.o [1]
com_with_ew_task_hdl    0x2000aa3c     0x4  Data  Gb  user_tasks.o [1]
com_with_host_task_hdl  0x2000aa40     0x4  Data  Gb  user_tasks.o [1]
communication_with_ew_task
                        0x080008a9    0x20  Code  Gb  user_tasks.o [1]
communication_with_host_task
                        0x0800082b    0x2c  Code  Gb  user_tasks.o [1]
defaultTaskHandle       0x2000ad68     0x4  Data  Gb  freertos.o [1]
eMBEnable               0x08002659    0x1a  Code  Gb  mb.o [1]
eMBFuncReadHoldingRegister
                        0x0800be23    0x58  Code  Gb  mbfuncholding.o [1]
eMBFuncReadInputRegister
                        0x0800bf05    0x5c  Code  Gb  mbfuncinput.o [1]
eMBFuncWriteHoldingRegister
                        0x0800bda9    0x2e  Code  Gb  mbfuncholding.o [1]
eMBFuncWriteMultipleHoldingRegister
                        0x0800bdd7    0x4c  Code  Gb  mbfuncholding.o [1]
eMBInit                 0x08002601    0x58  Code  Gb  mb.o [1]
eMBMasterCurErrorType   0x2000004e     0x1  Data  Lc  mb_m.o [1]
eMBMasterEnable         0x0800277b    0x1a  Code  Gb  mb_m.o [1]
eMBMasterFuncReadCoils  0x0800bc75    0x6e  Code  Gb  mbfunccoils_m.o [1]
eMBMasterFuncReadDiscreteInputs
                        0x0800be97    0x6e  Code  Gb  mbfuncdisc_m.o [1]
eMBMasterFuncReadHoldingRegister
                        0x08002a7d    0x54  Code  Gb  mbfuncholding_m.o [1]
eMBMasterFuncReadInputRegister
                        0x0800bfbd    0x54  Code  Gb  mbfuncinput_m.o [1]
eMBMasterFuncReadWriteMultipleHoldingRegister
                        0x08002af3    0x76  Code  Gb  mbfuncholding_m.o [1]
eMBMasterFuncWriteCoil  0x0800bce9    0x54  Code  Gb  mbfunccoils_m.o [1]
eMBMasterFuncWriteHoldingRegister
                        0x0800292f    0x2a  Code  Gb  mbfuncholding_m.o [1]
eMBMasterFuncWriteMultipleCoils
                        0x0800bd3d    0x6c  Code  Gb  mbfunccoils_m.o [1]
eMBMasterFuncWriteMultipleHoldingRegister
                        0x080029cb    0x44  Code  Gb  mbfuncholding_m.o [1]
eMBMasterInit           0x08002735    0x46  Code  Gb  mb_m.o [1]
eMBMasterPoll           0x08002795   0x11c  Code  Gb  mb_m.o [1]
eMBMasterPoll::eException
                        0x20000071     0x1  Data  Lc  mb_m.o [1]
eMBMasterPoll::ucMBFrame
                        0x200000f8     0x4  Data  Lc  mb_m.o [1]
eMBMasterPoll::ucRcvAddress
                        0x20000070     0x1  Data  Lc  mb_m.o [1]
eMBMasterPoll::usLength
                        0x200000f4     0x2  Data  Lc  mb_m.o [1]
eMBMasterRTUInit        0x08006cc1    0x16  Code  Gb  mbrtu_m.o [1]
eMBMasterRTUReceive     0x08006d07    0x50  Code  Gb  mbrtu_m.o [1]
eMBMasterRTUSend        0x08006d57    0x5c  Code  Gb  mbrtu_m.o [1]
eMBMasterRTUStart       0x08006cd7    0x16  Code  Gb  mbrtu_m.o [1]
eMBMasterRTUStop        0x08006ced    0x12  Code  Gb  mbrtu_m.o [1]
eMBMasterRegCoilsCB     0x08002c57     0xc  Code  Gb  mb_cb_m.o [1]
eMBMasterRegDiscreteCB  0x08002c63     0xa  Code  Gb  mb_cb_m.o [1]
eMBMasterRegHoldingCB   0x08002be5    0x72  Code  Gb  mb_cb_m.o [1]
eMBMasterRegInputCB     0x08002b79    0x6c  Code  Gb  mb_cb_m.o [1]
eMBMasterReqReadHoldingRegister
                        0x08002a1d    0x2c  Code  Gb  mbfuncholding_m.o [1]
eMBMasterReqWriteHoldingRegister
                        0x08002901    0x2e  Code  Gb  mbfuncholding_m.o [1]
eMBMasterReqWriteMultipleHoldingRegister
                        0x08002959    0x72  Code  Gb  mbfuncholding_m.o [1]
eMBMasterWaitRequestFinish
                        0x080070f9    0x30  Code  Gb  portevent_m.o [1]
eMBPoll                 0x08002673    0x9a  Code  Gb  mb.o [1]
eMBPoll::ucFunctionCode
                        0x20000003     0x1  Data  Lc  mb.o [1]
eMBPoll::ucMBFrame      0x20000048     0x4  Data  Lc  mb.o [1]
eMBPoll::ucRcvAddress   0x20000002     0x1  Data  Lc  mb.o [1]
eMBPoll::usLength       0x20000024     0x2  Data  Lc  mb.o [1]
eMBRTUInit              0x0800680d    0x44  Code  Gb  mbrtu.o [1]
eMBRTUReceive           0x08006889    0x56  Code  Gb  mbrtu.o [1]
eMBRTUSend              0x080068df    0x5a  Code  Gb  mbrtu.o [1]
eMBRTUStart             0x08006851    0x16  Code  Gb  mbrtu.o [1]
eMBRTUStop              0x0800686f    0x12  Code  Gb  mbrtu.o [1]
eMBRegHoldingCB         0x08002f13    0x88  Code  Gb  mb_slave_reg.o [1]
eMBRegInputCB           0x08002ed7    0x3c  Code  Gb  mb_slave_reg.o [1]
eMBRegInputCB_Write     0x08002e95    0x42  Code  Lc  mb_slave_reg.o [1]
eMBState                0x20000001     0x1  Data  Lc  mb.o [1]
eMBState                0x2000004f     0x1  Data  Lc  mb_m.o [1]
eMB_MASTER_FuncReportSlaveID
                        0x0800c0f5    0x18  Code  Gb  mbfuncother_m.o [1]
eMasterCurTimerMode     0x2000acab     0x1  Data  Lc  mbrtu_m.o [1]
eRcvState               0x2000ad55     0x1  Data  Lc  mbrtu.o [1]
eRcvState               0x2000aca9     0x1  Data  Lc  mbrtu_m.o [1]
eSndState               0x2000ad54     0x1  Data  Lc  mbrtu.o [1]
eSndState               0x2000aca8     0x1  Data  Lc  mbrtu_m.o [1]
eTaskGetState           0x080053d9    0x58  Code  Gb  tasks.o [1]
ew_func_task            0x08000919    0xe2  Code  Gb  user_tasks.o [1]
ew_func_task_hdl        0x2000aa48     0x4  Data  Gb  user_tasks.o [1]
ew_msg_queue_hdl        0x2000aa54     0x4  Data  Gb  user_tasks.o [1]
ew_timer_callback       0x08000621    0x1e  Code  Gb  user_tasks.o [1]
ew_timer_hdl            0x2000aa88     0x4  Data  Gb  user_tasks.o [1]
exit                    0x0800c133     0x4  Code  Gb  exit.o [3]
get_reg_value           0x08002d91    0x6c  Code  Gb  mb_slave_reg.o [1]
get_rm_fault_code       0x08002e8b     0xa  Code  Gb  mb_slave_reg.o [1]
hadc1                   0x2000ac4c    0x30  Data  Gb  adc.o [1]
hdma_adc1               0x2000aa8c    0x44  Data  Gb  adc.o [1]
hiwdg                   0x2000ad48     0xc  Data  Gb  iwdg.o [1]
hspi2                   0x2000a9e0    0x58  Data  Gb  spi.o [1]
htim2                   0x2000ab10    0x40  Data  Gb  tim.o [1]
htim8                   0x2000ab50    0x40  Data  Gb  tim.o [1]
huart1                  0x2000ab90    0x40  Data  Gb  usart.o [1]
huart2                  0x2000abd0    0x40  Data  Gb  usart.o [1]
inHandlerMode           0x080022cd     0xc  Code  Lc  cmsis_os.o [1]
main                    0x08001d49    0x38  Code  Gb  main.o [1]
makeFreeRtosPriority    0x080022c1     0xc  Code  Lc  cmsis_os.o [1]
master_get_gross_weight
                        0x08002b69     0x8  Code  Gb  mb_cb_m.o [1]
master_get_net_weight   0x08002b71     0x8  Code  Gb  mb_cb_m.o [1]
oh_door_turn_off_timer_callback
                        0x08000555    0x1c  Code  Gb  user_tasks.o [1]
oh_door_turn_off_timer_hdl
                        0x2000aa80     0x4  Data  Gb  user_tasks.o [1]
oh_door_turn_on_timer_callback
                        0x080004f5    0x1c  Code  Gb  user_tasks.o [1]
oh_door_turn_on_timer_hdl
                        0x2000aa7c     0x4  Data  Gb  user_tasks.o [1]
osDelay                 0x08002333     0xe  Code  Gb  cmsis_os.o [1]
osKernelStart           0x080022d9     0xa  Code  Gb  cmsis_os.o [1]
osKernelSysTick         0x080022e3    0x18  Code  Gb  cmsis_os.o [1]
osMessageCreate         0x080024c1     0xa  Code  Gb  cmsis_os.o [1]
osMessageGet            0x0800250d    0x6a  Code  Gb  cmsis_os.o [1]
osMessagePut            0x080024cb    0x42  Code  Gb  cmsis_os.o [1]
osSignalSet             0x080023eb    0x46  Code  Gb  cmsis_os.o [1]
osSignalWait            0x08002431    0x50  Code  Gb  cmsis_os.o [1]
osSystickHandler        0x0800259b    0x14  Code  Gb  cmsis_os.o [1]
osThreadCreate          0x080022fb    0x2e  Code  Gb  cmsis_os.o [1]
osThreadIsSuspended     0x080025b1    0x12  Code  Gb  cmsis_os.o [1]
osThreadResume          0x080025cd    0x2e  Code  Gb  cmsis_os.o [1]
osThreadSuspend         0x080025c3     0xa  Code  Gb  cmsis_os.o [1]
osThreadTerminate       0x08002329     0xa  Code  Gb  cmsis_os.o [1]
osTimerCreate           0x08002341    0x1a  Code  Gb  cmsis_os.o [1]
osTimerStart            0x0800235b    0x48  Code  Gb  cmsis_os.o [1]
osTimerStop             0x080023a3    0x48  Code  Gb  cmsis_os.o [1]
peMBFrameReceiveCur     0x20000034     0x4  Data  Lc  mb.o [1]
peMBFrameSendCur        0x20000028     0x4  Data  Lc  mb.o [1]
peMBMasterFrameReceiveCur
                        0x2000005c     0x4  Data  Lc  mb_m.o [1]
peMBMasterFrameSendCur  0x20000050     0x4  Data  Lc  mb_m.o [1]
prvAddCurrentTaskToDelayedList
                        0x08005dfb    0x64  Code  Lc  tasks.o [1]
prvAddNewTaskToReadyList
                        0x080052a1    0xa6  Code  Lc  tasks.o [1]
prvCheckForValidListAndQueue
                        0x08006177    0x46  Code  Lc  timers.o [1]
prvCopyDataFromQueue    0x080066db    0x28  Code  Lc  queue.o [1]
prvCopyDataToQueue      0x08006673    0x68  Code  Lc  queue.o [1]
prvDeleteTCB            0x08005a8b    0x14  Code  Lc  tasks.o [1]
prvIdleTask             0x08005a2d    0x5e  Code  Lc  tasks.o [1]
prvInitialiseNewQueue   0x08006281    0x16  Code  Lc  queue.o [1]
prvInitialiseNewTask    0x08005229    0x78  Code  Lc  tasks.o [1]
prvInitialiseNewTimer   0x08005ed5    0x3a  Code  Lc  timers.o [1]
prvInsertBlockIntoFreeList
                        0x08009013    0x46  Code  Lc  heap_4.o [1]
prvInsertTimerInActiveList
                        0x0800609b    0x34  Code  Lc  timers.o [1]
prvIsQueueEmpty         0x08006765    0x16  Code  Lc  queue.o [1]
prvProcessReceivedCommands
                        0x080060d1    0xa6  Code  Lc  timers.o [1]
prvProcessTimerOrBlockTask
                        0x08005f77    0x9a  Code  Lc  timers.o [1]
prvResetNextTaskUnblockTime
                        0x08005a9f    0x1c  Code  Lc  tasks.o [1]
prvSampleTimeNow        0x08006011    0x7a  Code  Lc  timers.o [1]
prvSampleTimeNow::xLastTime
                        0x2000ac20     0x4  Data  Lc  timers.o [1]
prvTaskExitError        0x0800333d    0x28  Code  Lc  port.o [1]
prvTaskIsTaskSuspended  0x080054fb    0x28  Code  Lc  tasks.o [1]
prvTestWaitCondition    0x08009e93    0x18  Code  Lc  event_groups.o [1]
prvTimerTask            0x08005f59    0x1e  Code  Lc  timers.o [1]
prvUnlockQueue          0x08006703    0x62  Code  Lc  queue.o [1]
prveMASTER_MBError2Exception
                        0x08007317    0x18  Code  Gb  mbutils_m.o [1]
prveMBError2Exception   0x0800be7d    0x18  Code  Gb  mbutils.o [1]
ptr_master_modbus_uart_handle
                        0x20000164     0x4  Data  Gb  portserial_m.o [1]
ptr_msg_handler         0x200000fc    0x58  Data  Gb  mb_slave_msg.o [1]
ptr_slave_modbus_uart_handle
                        0x20000160     0x4  Data  Gb  portserial.o [1]
pucMasterSndBufferCur   0x2000acd0     0x4  Data  Lc  mbrtu_m.o [1]
pucSndBufferCur         0x2000ad5c     0x4  Data  Lc  mbrtu.o [1]
pvMBFrameCloseCur       0x20000038     0x4  Data  Lc  mb.o [1]
pvMBFrameStartCur       0x2000002c     0x4  Data  Lc  mb.o [1]
pvMBFrameStopCur        0x20000030     0x4  Data  Lc  mb.o [1]
pvMBMasterFrameCloseCur
                        0x20000060     0x4  Data  Lc  mb_m.o [1]
pvMBMasterFrameStartCur
                        0x20000054     0x4  Data  Lc  mb_m.o [1]
pvMBMasterFrameStopCur  0x20000058     0x4  Data  Lc  mb_m.o [1]
pvPortMalloc            0x08008ea9   0x108  Code  Gb  heap_4.o [1]
pvTaskIncrementMutexHeldCount
                        0x08005bf1    0x14  Code  Gb  tasks.o [1]
pxCurrentTCB            0x2000a8c8     0x4  Data  Gb  tasks.o [1]
pxCurrentTimerList      0x2000ac10     0x4  Data  Lc  timers.o [1]
pxDelayedTaskList       0x2000a8cc     0x4  Data  Lc  tasks.o [1]
pxEnd                   0x20000184     0x4  Data  Lc  heap_4.o [1]
pxMBFrameCBByteReceived
                        0x2000003c     0x4  Data  Gb  mb.o [1]
pxMBFrameCBTransmitterEmpty
                        0x20000040     0x4  Data  Gb  mb.o [1]
pxMBMasterFrameCBByteReceived
                        0x20000064     0x4  Data  Gb  mb_m.o [1]
pxMBMasterFrameCBTransmitterEmpty
                        0x20000068     0x4  Data  Gb  mb_m.o [1]
pxMBMasterPortCBTimerExpired
                        0x2000006c     0x4  Data  Gb  mb_m.o [1]
pxMBPortCBTimerExpired  0x20000044     0x4  Data  Gb  mb.o [1]
pxOverflowDelayedTaskList
                        0x2000a8d0     0x4  Data  Lc  tasks.o [1]
pxOverflowTimerList     0x2000ac14     0x4  Data  Lc  timers.o [1]
pxPortInitialiseStack   0x0800331d    0x20  Code  Gb  port.o [1]
pxReadyTasksLists       0x2000a940    0xa0  Data  Lc  tasks.o [1]
rb1_1_turn_on_timer_callback
                        0x080002ed    0x1a  Code  Gb  user_tasks.o [1]
rb1_1_turn_on_timer_hdl
                        0x2000aa68     0x4  Data  Gb  user_tasks.o [1]
rb1_2_turn_on_timer_callback
                        0x08000351    0x1c  Code  Gb  user_tasks.o [1]
rb1_2_turn_on_timer_hdl
                        0x2000aa6c     0x4  Data  Gb  user_tasks.o [1]
rb1_turn_off_timer_callback
                        0x080003b1    0x1c  Code  Gb  user_tasks.o [1]
rb1_turn_off_timer_hdl  0x2000aa70     0x4  Data  Gb  user_tasks.o [1]
rb2_turn_off_timer_callback
                        0x08000487    0x1c  Code  Gb  user_tasks.o [1]
rb2_turn_off_timer_hdl  0x2000aa78     0x4  Data  Gb  user_tasks.o [1]
rb2_turn_on_timer_callback
                        0x0800041b    0x24  Code  Gb  user_tasks.o [1]
rb2_turn_on_timer_hdl   0x2000aa74     0x4  Data  Gb  user_tasks.o [1]
rice_mill_asyn_task     0x08000e41   0x4aa  Code  Lc  user_tasks.o [1]
rice_mill_sync_task     0x080018db   0x2b2  Code  Gb  user_tasks.o [1]
rice_mill_sync_task::cur_rice_weight_obtain_times
                        0x20000178     0x1  Data  Lc  user_tasks.o [1]
rice_mill_sync_task::is_rice_take_away
                        0x20000179     0x1  Data  Lc  user_tasks.o [1]
rice_mill_sync_task::ret
                        0x2000016c     0xc  Data  Lc  user_tasks.o [1]
rl_timer_callback       0x080005c3    0x22  Code  Gb  user_tasks.o [1]
rl_timer_hdl            0x2000aa84     0x4  Data  Gb  user_tasks.o [1]
rm_asyn_msg_queue_hdl   0x2000aa58     0x4  Data  Gb  user_tasks.o [1]
rm_asyn_task_hdl        0x2000aa4c     0x4  Data  Gb  user_tasks.o [1]
rm_sync_msg_queue_hdl   0x2000aa5c     0x4  Data  Gb  user_tasks.o [1]
rm_sync_task_hdl        0x2000aa50     0x4  Data  Gb  user_tasks.o [1]
sensor_info_task        0x08000a3d   0x382  Code  Gb  user_tasks.o [1]
sensor_info_task::rw_obtain_interval
                        0x2000aa38     0x1  Data  Lc  user_tasks.o [1]
sensor_info_task_hdl    0x2000aa44     0x4  Data  Gb  user_tasks.o [1]
set_msg_ac_fan1_regholding_write
                        0x0800a735    0x68  Code  Lc  mb_slave_msg.o [1]
set_msg_ac_fan2_regholding_write
                        0x0800a79d    0x68  Code  Lc  mb_slave_msg.o [1]
set_msg_adv_lamp_switch_regholding_write
                        0x0800a2ed    0x5c  Code  Lc  mb_slave_msg.o [1]
set_msg_bl_regholding_write
                        0x0800a5f1    0x68  Code  Lc  mb_slave_msg.o [1]
set_msg_oh_door_switch_regholding_write
                        0x0800a34f    0x5a  Code  Lc  mb_slave_msg.o [1]
set_msg_r_tare_regholding_write
                        0x0800a3b1    0x5a  Code  Lc  mb_slave_msg.o [1]
set_msg_rb1_1_switch_regholding_write
                        0x0800a14b    0x62  Code  Lc  mb_slave_msg.o [1]
set_msg_rb1_2_switch_regholding_write
                        0x0800a1ad    0x64  Code  Lc  mb_slave_msg.o [1]
set_msg_rb1_selection_regholding_write
                        0x08009f5b    0x62  Code  Lc  mb_slave_msg.o [1]
set_msg_rb2_switch_regholding_write
                        0x0800a211    0x68  Code  Lc  mb_slave_msg.o [1]
set_msg_rl_control_regholding_write
                        0x0800a057    0x4a  Code  Lc  mb_slave_msg.o [1]
set_msg_rl_setup_regholding_write
                        0x0800a007    0x50  Code  Lc  mb_slave_msg.o [1]
set_msg_rm_fault_code_regholding_write
                        0x0800a0a1    0x38  Code  Lc  mb_slave_msg.o [1]
set_msg_rm_motor_switch_regholding_write
                        0x0800a0e9    0x62  Code  Lc  mb_slave_msg.o [1]
set_msg_rm_switch_regholding_write
                        0x08009ed5    0x86  Code  Lc  mb_slave_msg.o [1]
set_msg_rw_regholding_write
                        0x08009fbd    0x4a  Code  Lc  mb_slave_msg.o [1]
set_msg_uv_lamp_switch_regholding_write
                        0x0800a27f    0x68  Code  Lc  mb_slave_msg.o [1]
set_msg_w_threshold_regholding_write
                        0x0800a57d    0x4c  Code  Lc  mb_slave_msg.o [1]
set_msg_z_clearing_regholding_write
                        0x0800a417    0x60  Code  Lc  mb_slave_msg.o [1]
set_reg_value           0x08002dfd    0x5e  Code  Gb  mb_slave_reg.o [1]
set_rm_fault_code       0x08002e61    0x2a  Code  Gb  mb_slave_reg.o [1]
sync_complete           0x08001827     0x6  Code  Gb  user_tasks.o [1]
sync_set_ew_threshold   0x0800184b    0x2e  Code  Gb  user_tasks.o [1]
sync_set_oh_door        0x080018cd     0xe  Code  Gb  user_tasks.o [1]
sync_set_rb1            0x08001879    0x38  Code  Gb  user_tasks.o [1]
sync_set_rb2            0x080018bf     0xe  Code  Gb  user_tasks.o [1]
sync_set_rm_motor       0x080018b1     0xe  Code  Gb  user_tasks.o [1]
sync_shutdown           0x0800181f     0x8  Code  Gb  user_tasks.o [1]
tasks_environment_init  0x0800067d   0x120  Code  Lc  user_tasks.o [1]
ucHeap                  0x20000194  0xa000  Data  Lc  heap_4.o [1]
ucMBAddress             0x20000000     0x1  Data  Lc  mb.o [1]
ucMBMasterDestAddress   0x2000004c     0x1  Data  Lc  mb_m.o [1]
ucMBMasterGetDestAddress
                        0x080028c3     0x6  Code  Gb  mb_m.o [1]
ucMBSlaveID             0x2000acf8    0x20  Data  Lc  mbfuncother_m.o [1]
ucMCoilBuf              0x2000ad72     0x2  Data  Gb  mb_cb_m.o [1]
ucMDiscInBuf            0x2000ad6e     0x2  Data  Gb  mb_cb_m.o [1]
ucMasterRTURcvBuf       0x2000acbc    0x10  Data  Lc  mbrtu_m.o [1]
ucMasterRTUSndBuf       0x2000acac    0x10  Data  Lc  mbrtu_m.o [1]
ucMaxSysCallPriority    0x20000154     0x1  Data  Lc  port.o [1]
ucRTUBuf                0x2000a7a0   0x100  Data  Gb  mbrtu.o [1]
ulMaxPRIGROUPValue      0x2000015c     0x4  Data  Lc  port.o [1]
usMASTER_MBCRC16        0x08009add    0x2e  Code  Gb  mbcrc_m.o [1]
usMBCRC16               0x080094a1    0x2e  Code  Gb  mbcrc.o [1]
usMBMasterGetPDUSndLength
                        0x08006f47     0x6  Code  Gb  mbrtu_m.o [1]
usMBSlaveIDLen          0x2000ad18     0x2  Data  Lc  mbfuncother_m.o [1]
usMCoilStart            0x2000ad70     0x2  Data  Gb  mb_cb_m.o [1]
usMDiscInStart          0x2000ad6c     0x2  Data  Gb  mb_cb_m.o [1]
usMRegHoldBuf           0x2000a61c   0x184  Data  Gb  mb_cb_m.o [1]
usMRegHoldStart         0x2000ad80     0x2  Data  Gb  mb_cb_m.o [1]
usMRegInBuf             0x2000acd8    0x20  Data  Gb  mb_cb_m.o [1]
usMRegInStart           0x2000acd4     0x2  Data  Gb  mb_cb_m.o [1]
usMasterRcvBufferPos    0x2000acce     0x2  Data  Lc  mbrtu_m.o [1]
usMasterSendPDULength   0x2000ad82     0x2  Data  Lc  mbrtu_m.o [1]
usMasterSndBufferCount  0x2000accc     0x2  Data  Lc  mbrtu_m.o [1]
usRcvBufferPos          0x2000ad58     0x2  Data  Lc  mbrtu.o [1]
usRegHoldingBuf         0x2000ac7c    0x2c  Data  Lc  mb_slave_reg.o [1]
usRegInputBuf           0x2000ad20    0x18  Data  Lc  mb_slave_reg.o [1]
usSndBufferCount        0x2000ad56     0x2  Data  Lc  mbrtu.o [1]
uwTick                  0x2000ad7c     0x4  Data  Gb  stm32f1xx_hal.o [1]
uxCriticalNesting       0x20000158     0x4  Data  Lc  port.o [1]
uxCurrentNumberOfTasks  0x2000a8ec     0x4  Data  Lc  tasks.o [1]
uxDeletedTasksWaitingCleanUp
                        0x2000a8d4     0x4  Data  Lc  tasks.o [1]
uxListRemove            0x080090cb    0x24  Code  Gb  list.o [1]
uxPendedTicks           0x2000a8fc     0x4  Data  Lc  tasks.o [1]
uxSchedulerSuspended    0x2000a910     0x4  Data  Lc  tasks.o [1]
uxTaskNumber            0x2000a908     0x4  Data  Lc  tasks.o [1]
uxTaskResetEventItemValue
                        0x08005bdb    0x16  Code  Gb  tasks.o [1]
uxTopReadyPriority      0x2000a8f4     0x4  Data  Lc  tasks.o [1]
vApplicationIdleHook    0x080090ef     0x2  Code  Wk  freertos.o [1]
vApplicationMallocFailedHook
                        0x0800018d    0x14  Code  Gb  user_tasks.o [1]
vApplicationStackOverflowHook
                        0x08000131    0x1c  Code  Gb  user_tasks.o [1]
vListInitialise         0x08009061    0x1a  Code  Gb  list.o [1]
vListInitialiseItem     0x0800907b     0x6  Code  Gb  list.o [1]
vListInsert             0x08009099    0x32  Code  Gb  list.o [1]
vListInsertEnd          0x08009081    0x18  Code  Gb  list.o [1]
vMBMasterCBRequestSuccess
                        0x080070f5     0x4  Code  Gb  portevent_m.o [1]
vMBMasterErrorCBExecuteFunction
                        0x080070ef     0x6  Code  Gb  portevent_m.o [1]
vMBMasterErrorCBReceiveData
                        0x080070eb     0x4  Code  Gb  portevent_m.o [1]
vMBMasterErrorCBRespondTimeout
                        0x080070e7     0x4  Code  Gb  portevent_m.o [1]
vMBMasterGetPDUSndBuf   0x08006f3b     0x6  Code  Gb  mbrtu_m.o [1]
vMBMasterOsResInit      0x08007045    0x32  Code  Gb  portevent_m.o [1]
vMBMasterPortClose      0x08009781    0x12  Code  Gb  portserial_m.o [1]
vMBMasterPortSerialEnable
                        0x0800970d    0x74  Code  Gb  portserial_m.o [1]
vMBMasterPortTimersConvertDelayEnable
                        0x080099c3     0x2  Code  Gb  porttimer_m.o [1]
vMBMasterPortTimersDisable
                        0x080099d1    0x20  Code  Gb  porttimer_m.o [1]
vMBMasterPortTimersRespondTimeoutEnable
                        0x080099c5     0x2  Code  Gb  porttimer_m.o [1]
vMBMasterPortTimersT35Enable
                        0x080099b9     0xa  Code  Gb  porttimer_m.o [1]
vMBMasterRunResRelease  0x080070ab    0x32  Code  Gb  portevent_m.o [1]
vMBMasterSetDestAddress
                        0x080028c9     0x6  Code  Gb  mb_m.o [1]
vMBMasterSetErrorType   0x080028cf     0x6  Code  Gb  mb_m.o [1]
vMBMasterSetPDUSndLength
                        0x08006f41     0x6  Code  Gb  mbrtu_m.o [1]
vMBPPortEnterCritical   0x080090fd    0x12  Code  Gb  portother.o [1]
vMBPPortExitCritical    0x0800910f    0x12  Code  Gb  portother.o [1]
vMBPortClose            0x08009121    0x12  Code  Gb  portother.o [1]
vMBPortEventClose       0x08006b09    0x32  Code  Gb  portevent.o [1]
vMBPortSerialClose      0x0800914d    0x14  Code  Gb  portserial.o [1]
vMBPortSerialEnable     0x08009161    0x48  Code  Gb  portserial.o [1]
vMBPortTimerClose       0x08009355    0x14  Code  Gb  porttimer.o [1]
vMBPortTimersDisable    0x08009373    0x12  Code  Gb  porttimer.o [1]
vMBPortTimersEnable     0x08009369     0xa  Code  Gb  porttimer.o [1]
vPortEnterCritical      0x080033c9    0x32  Code  Gb  port.o [1]
vPortExitCritical       0x080033fb    0x22  Code  Gb  port.o [1]
vPortFree               0x08008fbf    0x46  Code  Gb  heap_4.o [1]
vPortStartFirstTask     0x080081cf          Code  Gb  portasm.o [1]
vPortValidateInterruptPriority
                        0x08003445    0x42  Code  Gb  port.o [1]
vQueueAddToRegistry     0x0800677b    0x20  Code  Gb  queue.o [1]
vQueueDelete            0x08006659    0x1a  Code  Gb  queue.o [1]
vQueueUnregisterQueue   0x0800679b    0x22  Code  Gb  queue.o [1]
vQueueWaitForMessageRestricted
                        0x080067c5    0x48  Code  Gb  queue.o [1]
vTaskDelay              0x080053af    0x2a  Code  Gb  tasks.o [1]
vTaskDelete             0x08005347    0x68  Code  Gb  tasks.o [1]
vTaskMissedYield        0x08005a1f     0xa  Code  Gb  tasks.o [1]
vTaskPlaceOnEventList   0x08005839    0x1c  Code  Gb  tasks.o [1]
vTaskPlaceOnEventListRestricted
                        0x0800589f    0x26  Code  Gb  tasks.o [1]
vTaskPlaceOnUnorderedEventList
                        0x08005855    0x32  Code  Gb  tasks.o [1]
vTaskPriorityInherit    0x08005ad3    0x76  Code  Gb  tasks.o [1]
vTaskResume             0x08005533    0x4c  Code  Gb  tasks.o [1]
vTaskSetTimeOutState    0x0800598d    0x20  Code  Gb  tasks.o [1]
vTaskStartScheduler     0x080055e9    0x5e  Code  Gb  tasks.o [1]
vTaskSuspend            0x0800544b    0x6a  Code  Gb  tasks.o [1]
vTaskSuspendAll         0x08005647     0xc  Code  Gb  tasks.o [1]
vTaskSwitchContext      0x080057c5    0x60  Code  Gb  tasks.o [1]
xActiveTimerList1       0x2000ac24    0x14  Data  Lc  timers.o [1]
xActiveTimerList2       0x2000ac38    0x14  Data  Lc  timers.o [1]
xBlockAllocatedBit      0x20000190     0x4  Data  Lc  heap_4.o [1]
xDelayedTaskList1       0x2000a914    0x14  Data  Lc  tasks.o [1]
xDelayedTaskList2       0x2000a928    0x14  Data  Lc  tasks.o [1]
xEventGroupCreate       0x08009d0d    0x1a  Code  Gb  event_groups.o [1]
xEventGroupSetBits      0x08009e21    0x72  Code  Gb  event_groups.o [1]
xEventGroupWaitBits     0x08009d27    0xd0  Code  Gb  event_groups.o [1]
xFrameIsBroadcast       0x2000acaa     0x1  Data  Lc  mbrtu_m.o [1]
xFreeBytesRemaining     0x20000188     0x4  Data  Lc  heap_4.o [1]
xFuncHandlers           0x20000004    0x20  Data  Lc  mb.o [1]
xIdleTaskHandle         0x2000a93c     0x4  Data  Lc  tasks.o [1]
xMBMasterPortEventGet   0x0800700f    0x36  Code  Gb  portevent_m.o [1]
xMBMasterPortEventInit  0x08006fd9    0x26  Code  Gb  portevent_m.o [1]
xMBMasterPortEventPost  0x08006fff    0x10  Code  Gb  portevent_m.o [1]
xMBMasterPortSerialGetByte
                        0x080097a5     0xe  Code  Gb  portserial_m.o [1]
xMBMasterPortSerialInit
                        0x080096f5    0x18  Code  Gb  portserial_m.o [1]
xMBMasterPortSerialPutByte
                        0x08009799     0xc  Code  Gb  portserial_m.o [1]
xMBMasterPortTimersInit
                        0x080099a1    0x18  Code  Gb  porttimer_m.o [1]
xMBMasterRTUReceiveFSM  0x08006dc1    0x6e  Code  Gb  mbrtu_m.o [1]
xMBMasterRTUTimerExpired
                        0x08006ea1    0x9a  Code  Gb  mbrtu_m.o [1]
xMBMasterRTUTransmitFSM
                        0x08006e37    0x62  Code  Gb  mbrtu_m.o [1]
xMBMasterRequestIsBroadcast
                        0x08006f4d     0x6  Code  Gb  mbrtu_m.o [1]
xMBMasterRunResTake     0x08007077    0x34  Code  Gb  portevent_m.o [1]
xMBPortEventGet         0x08006b8f    0x3c  Code  Gb  portevent.o [1]
xMBPortEventInit        0x08006ad1    0x38  Code  Gb  portevent.o [1]
xMBPortEventPost        0x08006b3b    0x54  Code  Gb  portevent.o [1]
xMBPortSerialGetByte    0x080091f1     0xe  Code  Gb  portserial.o [1]
xMBPortSerialInit       0x08009135    0x18  Code  Gb  portserial.o [1]
xMBPortSerialPutByte    0x080091e5     0xc  Code  Gb  portserial.o [1]
xMBPortTimersInit       0x0800933d    0x18  Code  Gb  porttimer.o [1]
xMBRTUReceiveFSM        0x08006939    0x50  Code  Gb  mbrtu.o [1]
xMBRTUTimerT35Expired   0x080069ff    0x46  Code  Gb  mbrtu.o [1]
xMBRTUTransmitFSM       0x08006997    0x52  Code  Gb  mbrtu.o [1]
xMBRunInMasterMode      0x2000004d     0x1  Data  Lc  mb_m.o [1]
xMB_MASTER_UtilSetBits  0x080072cd    0x4a  Code  Gb  mbutils_m.o [1]
xMasterFuncHandlers     0x20000074    0x80  Data  Lc  mb_m.o [1]
xMasterOsEvent          0x2000ad74     0x4  Data  Gb  portevent_m.o [1]
xMinimumEverFreeBytesRemaining
                        0x2000018c     0x4  Data  Lc  heap_4.o [1]
xNextTaskUnblockTime    0x2000a90c     0x4  Data  Lc  tasks.o [1]
xNumOfOverflows         0x2000a904     0x4  Data  Lc  tasks.o [1]
xPendingReadyList       0x2000a8a0    0x14  Data  Lc  tasks.o [1]
xPortStartScheduler     0x08003365    0x64  Code  Gb  port.o [1]
xPortSysTickHandler     0x0800341d    0x26  Code  Gb  port.o [1]
xQueueGenericCreate     0x08006249    0x38  Code  Gb  queue.o [1]
xQueueGenericReceive    0x08006485   0x136  Code  Gb  queue.o [1]
xQueueGenericReset      0x080061d5    0x74  Code  Gb  queue.o [1]
xQueueGenericSend       0x080062a7   0x122  Code  Gb  queue.o [1]
xQueueGenericSendFromISR
                        0x080063c9    0x92  Code  Gb  queue.o [1]
xQueueReceiveFromISR    0x080065d3    0x7e  Code  Gb  queue.o [1]
xQueueRegistry          0x2000aad0    0x40  Data  Gb  queue.o [1]
xSchedulerRunning       0x2000a8f8     0x4  Data  Lc  tasks.o [1]
xStart                  0x2000017c     0x8  Data  Lc  heap_4.o [1]
xSuspendedTaskList      0x2000a8d8    0x14  Data  Lc  tasks.o [1]
xTaskCheckForTimeOut    0x080059ad    0x60  Code  Gb  tasks.o [1]
xTaskCreate             0x080051d1    0x58  Code  Gb  tasks.o [1]
xTaskGenericNotify      0x08005c8d    0x84  Code  Gb  tasks.o [1]
xTaskGenericNotifyFromISR
                        0x08005d2d    0xa8  Code  Gb  tasks.o [1]
xTaskGetSchedulerState  0x08005abb    0x18  Code  Gb  tasks.o [1]
xTaskGetTickCount       0x080056ed     0x8  Code  Gb  tasks.o [1]
xTaskGetTickCountFromISR
                        0x080056f5     0xe  Code  Gb  tasks.o [1]
xTaskIncrementTick      0x08005703    0xc2  Code  Gb  tasks.o [1]
xTaskNotifyWait         0x08005c0d    0x78  Code  Gb  tasks.o [1]
xTaskPriorityDisinherit
                        0x08005b49    0x82  Code  Gb  tasks.o [1]
xTaskRemoveFromEventList
                        0x080058d1    0x4e  Code  Gb  tasks.o [1]
xTaskRemoveFromUnorderedEventList
                        0x0800591f    0x46  Code  Gb  tasks.o [1]
xTaskResumeAll          0x08005653    0x92  Code  Gb  tasks.o [1]
xTaskResumeFromISR      0x0800557f    0x50  Code  Gb  tasks.o [1]
xTasksWaitingTermination
                        0x2000a8b4    0x14  Data  Lc  tasks.o [1]
xTickCount              0x2000a8f0     0x4  Data  Lc  tasks.o [1]
xTimerCreate            0x08005ea7    0x2e  Code  Gb  timers.o [1]
xTimerCreateTimerTask   0x08005e75    0x32  Code  Gb  timers.o [1]
xTimerGenericCommand    0x08005f0f    0x48  Code  Gb  timers.o [1]
xTimerQueue             0x2000ac18     0x4  Data  Lc  timers.o [1]
xTimerTaskHandle        0x2000ac1c     0x4  Data  Lc  timers.o [1]
xYieldPending           0x2000a900     0x4  Data  Lc  tasks.o [1]


[1] = D:\development\st\stm32\src_code\rice_mill_prj\rice_mill\EWARM\rice_mill\Obj
[2] = command line
[3] = dl7M_tlf.a
[4] = rt7M_tl.a
[5] = shb_l.a

  47 436 bytes of readonly  code memory
   2 506 bytes of readonly  data memory
  44 930 bytes of readwrite data memory

Errors: none
Warnings: none
